<?xml version="1.0" encoding="UTF-8"?>
<TestRun id="ccca5b68-b20d-4fd0-849e-8112bc3ba00a" name="ashykalov@ASHYKALOV 2014-02-21 19:07:09" runUser="UNIVERSE\ashykalov" xmlns="http://microsoft.com/schemas/VisualStudio/TeamTest/2010">
  <TestSettings name="Local" id="c216b85b-6c41-41ce-860e-e7c85b876cf1">
    <Description>These are default test settings for a local test run.</Description>
    <Deployment enabled="false" runDeploymentRoot="ashykalov_ASHYKALOV 2014-02-21 19_07_09">
      <DeploymentItem filename="D:\Selenium_test\selenium-dotnet-2.39.0\net35\WebDriver.Support.dll" />
      <DeploymentItem filename="D:\storuq\TestProject1\StoryQ-2.0.5\StoryQ.dll" />
      <DeploymentItem filename="D:\Selenium_test\selenium-dotnet-2.39.0\net35\Selenium.WebDriverBackedSelenium.dll" />
      <DeploymentItem filename="D:\Selenium_test\selenium-dotnet-2.39.0\net35\WebDriver.dll" />
    </Deployment>
    <Execution parallelTestCount="0">
      <TestTypeSpecific />
      <AgentRule name="Execution Agents">
      </AgentRule>
    </Execution>
  </TestSettings>
  <Times creation="2014-02-21T19:07:09.2479797+02:00" queuing="2014-02-21T19:07:09.4039797+02:00" start="2014-02-21T19:07:09.4079797+02:00" finish="2014-02-21T19:07:23.6239797+02:00" />
  <ResultSummary outcome="Completed">
    <Counters total="1" executed="1" passed="1" error="0" failed="0" timeout="0" aborted="0" inconclusive="0" passedButRunAborted="0" notRunnable="0" notExecuted="0" disconnected="0" warning="0" completed="0" inProgress="0" pending="0" />
  </ResultSummary>
  <TestDefinitions>
    <UnitTest name="basic_auth_windows" storage="d:\seleniumcamp\seleniumcamp\bin\debug\seleniumcamp.dll" id="2e5e5443-72c6-570b-94cb-aa036b620cbf">
      <Execution id="aae67fc1-cd6a-409c-b1bf-8c7c989135b9" />
      <TestMethod codeBase="D:/SeleniumCamp/SeleniumCamp/bin/Debug/SeleniumCamp.DLL" adapterTypeName="Microsoft.VisualStudio.TestTools.TestTypes.Unit.UnitTestAdapter, Microsoft.VisualStudio.QualityTools.Tips.UnitTest.Adapter, Version=10.0.0.0, Culture=neutral, PublicKeyToken=b03f5f7f11d50a3a" className="SeleniumCamp.Test.StoryQTestClass, SeleniumCamp, Version=1.0.0.0, Culture=neutral, PublicKeyToken=null" name="basic_auth_windows" />
    </UnitTest>
  </TestDefinitions>
  <TestLists>
    <TestList name="Results Not in a List" id="8c84fa94-04c1-424b-9868-57a2d4851a1d" />
    <TestList name="All Loaded Results" id="19431567-8539-422a-85d7-44ee4e166bda" />
  </TestLists>
  <TestEntries>
    <TestEntry testId="2e5e5443-72c6-570b-94cb-aa036b620cbf" executionId="aae67fc1-cd6a-409c-b1bf-8c7c989135b9" testListId="8c84fa94-04c1-424b-9868-57a2d4851a1d" />
  </TestEntries>
  <Results>
    <UnitTestResult executionId="aae67fc1-cd6a-409c-b1bf-8c7c989135b9" testId="2e5e5443-72c6-570b-94cb-aa036b620cbf" testName="basic_auth_windows" computerName="ASHYKALOV" duration="00:00:13.9622952" startTime="2014-02-21T19:07:09.4099797+02:00" endTime="2014-02-21T19:07:23.6029797+02:00" testType="13cdc9d9-ddb5-4fa4-a97d-d965ccfc6d4b" outcome="Passed" testListId="8c84fa94-04c1-424b-9868-57a2d4851a1d" relativeResultsDirectory="aae67fc1-cd6a-409c-b1bf-8c7c989135b9">
      <Output>
        <StdOut>Story is Basic authorization window
  In order to Benefit
  As a Role
  I want Test basic authorization window

      With scenario Basic authorization windows
        Given I am on the home page(http://91.234.37.131:4000/) =&gt; Passed
          And I fill credentials and log in                     =&gt; Passed</StdOut>
      </Output>
    </UnitTestResult>
  </Results>
</TestRun>