<?xml version="1.0" encoding="UTF-8"?>
<TestRun id="98400122-d7b9-4e3c-b117-fb7770e61e59" name="ashykalov@ASHYKALOV 2014-02-19 17:34:50" runUser="UNIVERSE\ashykalov" xmlns="http://microsoft.com/schemas/VisualStudio/TeamTest/2010">
  <TestSettings name="Local" id="c216b85b-6c41-41ce-860e-e7c85b876cf1">
    <Description>These are default test settings for a local test run.</Description>
    <Deployment enabled="false" runDeploymentRoot="ashykalov_ASHYKALOV 2014-02-19 17_34_50">
      <DeploymentItem filename="D:\Selenium_test\selenium-dotnet-2.39.0\net35\WebDriver.Support.dll" />
      <DeploymentItem filename="D:\storuq\TestProject1\StoryQ-2.0.5\StoryQ.dll" />
      <DeploymentItem filename="D:\Selenium_test\selenium-dotnet-2.39.0\net35\Selenium.WebDriverBackedSelenium.dll" />
      <DeploymentItem filename="D:\Selenium_test\selenium-dotnet-2.39.0\net35\WebDriver.dll" />
    </Deployment>
    <Execution parallelTestCount="0">
      <TestTypeSpecific />
      <AgentRule name="Execution Agents">
      </AgentRule>
    </Execution>
  </TestSettings>
  <Times creation="2014-02-19T17:34:50.8908367+02:00" queuing="2014-02-19T17:34:50.9338410+02:00" start="2014-02-19T17:34:50.9368413+02:00" finish="2014-02-19T17:35:04.8952370+02:00" />
  <ResultSummary outcome="Completed">
    <Counters total="1" executed="1" passed="1" error="0" failed="0" timeout="0" aborted="0" inconclusive="0" passedButRunAborted="0" notRunnable="0" notExecuted="0" disconnected="0" warning="0" completed="0" inProgress="0" pending="0" />
  </ResultSummary>
  <TestDefinitions>
    <UnitTest name="uploadfiles" storage="d:\seleniumcamp\seleniumcamp\bin\debug\seleniumcamp.dll" id="df917eef-857d-545d-7eee-f45c29c523d5">
      <Execution id="d928d57b-e1e9-4f8f-afde-db4f44c0b412" />
      <TestMethod codeBase="D:/SeleniumCamp/SeleniumCamp/bin/Debug/SeleniumCamp.DLL" adapterTypeName="Microsoft.VisualStudio.TestTools.TestTypes.Unit.UnitTestAdapter, Microsoft.VisualStudio.QualityTools.Tips.UnitTest.Adapter, Version=10.0.0.0, Culture=neutral, PublicKeyToken=b03f5f7f11d50a3a" className="SeleniumCamp.Test.StoryQTestClass, SeleniumCamp, Version=1.0.0.0, Culture=neutral, PublicKeyToken=null" name="uploadfiles" />
    </UnitTest>
  </TestDefinitions>
  <TestLists>
    <TestList name="Results Not in a List" id="8c84fa94-04c1-424b-9868-57a2d4851a1d" />
    <TestList name="All Loaded Results" id="19431567-8539-422a-85d7-44ee4e166bda" />
  </TestLists>
  <TestEntries>
    <TestEntry testId="df917eef-857d-545d-7eee-f45c29c523d5" executionId="d928d57b-e1e9-4f8f-afde-db4f44c0b412" testListId="8c84fa94-04c1-424b-9868-57a2d4851a1d" />
  </TestEntries>
  <Results>
    <UnitTestResult executionId="d928d57b-e1e9-4f8f-afde-db4f44c0b412" testId="df917eef-857d-545d-7eee-f45c29c523d5" testName="uploadfiles" computerName="ASHYKALOV" duration="00:00:13.8202693" startTime="2014-02-19T17:34:50.9388415+02:00" endTime="2014-02-19T17:35:04.8842359+02:00" testType="13cdc9d9-ddb5-4fa4-a97d-d965ccfc6d4b" outcome="Passed" testListId="8c84fa94-04c1-424b-9868-57a2d4851a1d" relativeResultsDirectory="d928d57b-e1e9-4f8f-afde-db4f44c0b412">
      <Output>
        <StdOut>Story is Selenium cggamp
  In order to Benefit
  As a Role
  I want Test_Feature_2

      With scenario Upload files
        Given I am on the home page(http://91.234.37.131:4000/) =&gt; Passed
          And I click inner page                                =&gt; Passed</StdOut>
      </Output>
    </UnitTestResult>
  </Results>
</TestRun>